// Jest Snapshot v1, https://goo.gl/fbAQLP

exports[`<Splash /> should render correctly 1`] = `
<div
  className="animated fadeIn root root centerContent"
>
  <div
    className="primary"
  >
    <h1>
      <strong>
        DB
      </strong>
      Tax
    </h1>
    <p>
      This is test content.
    </p>
  </div>
</div>
`;
