// Jest Snapshot v1, https://goo.gl/fbAQLP

exports[`<Main /> should render correctly 1`] = `
<div
  className="root"
>
  <div
    className="root"
  >
    <div
      className="max-width--xl margin--horizontal--auto"
    >
      <a
        className="animated fadeIn"
        href="tel:+14147647730"
        rel="noopener noreferrer"
        target="_blank"
      >
        <i
          className="fas fa-phone-alt"
        />
         
        414-764-7330
      </a>
      <a
        className="animated fadeIn margin--left--half"
        href="https://www.google.com/maps/place/1125+Milwaukee+Ave,+South+Milwaukee,+WI+53172"
        rel="noopener noreferrer"
        target="_blank"
      >
        <i
          className="fas fa-home"
        />
         
        1125 Milwaukee Ave.
        <span
          className="display--xs--none display--md--inline-block"
        >
           
          · 
          South Milwaukee
          , 
          WI
        </span>
         
        · 
        53172
      </a>
    </div>
  </div>
  <div
    className="root"
  >
    <div
      className="content"
    >
      <div
        className="logoContainer"
      >
        <a
          className="display--block"
          href="/"
          onClick={[Function]}
        >
          <img
            alt="DB Tax & Financial Services"
            className="logo"
            src="db-tax-logo.png"
          />
        </a>
      </div>
      <nav
        className="links"
      >
        <a
          aria-current="page"
          className="active"
          href="/"
          onClick={[Function]}
          style={Object {}}
        >
          About
        </a>
        <a
          aria-current="page"
          className="active"
          href="/"
          onClick={[Function]}
          style={Object {}}
        >
          Services
        </a>
        <a
          aria-current="page"
          className="active"
          href="/"
          onClick={[Function]}
          style={Object {}}
        >
          Client Resources
        </a>
        <a
          aria-current="page"
          className="active"
          href="/"
          onClick={[Function]}
          style={Object {}}
        >
          Legal
        </a>
      </nav>
      <div
        className="accountAccess"
      >
        <button
          className="root button"
          onClick={null}
          type="button"
        >
          Account Access
        </button>
      </div>
      <div
        className="mobileToggle"
      >
        <button
          className="root root"
          onClick={[Function]}
          type="button"
        >
          <i
            className="fas fa-bars"
          />
        </button>
      </div>
    </div>
  </div>
  <div
    className="root"
  >
    <div
      className="root"
      onClick={[Function]}
    />
    <div
      className="menu"
    >
      <a
        aria-current="page"
        className="active"
        href="/"
        onClick={[Function]}
        style={Object {}}
      >
        Home
      </a>
      <a
        aria-current="page"
        className="active"
        href="/"
        onClick={[Function]}
        style={Object {}}
      >
        About
      </a>
      <a
        aria-current="page"
        className="active"
        href="/"
        onClick={[Function]}
        style={Object {}}
      >
        Services
      </a>
      <a
        aria-current="page"
        className="active"
        href="/"
        onClick={[Function]}
        style={Object {}}
      >
        Client Resources
      </a>
      <a
        aria-current="page"
        className="active"
        href="/"
        onClick={[Function]}
        style={Object {}}
      >
        Legal
      </a>
      <a
        aria-current="page"
        className="active"
        href="/"
        onClick={[Function]}
        style={Object {}}
      >
        Account Access
      </a>
      <img
        alt="DB Tax & Financial Services"
        className="logo"
        src="db-tax-logo-icon.png"
      />
    </div>
  </div>
</div>
`;
