// Jest Snapshot v1, https://goo.gl/fbAQLP

exports[`<Main /> should render correctly 1`] = `
<div
  className="root"
>
  <div
    className="root"
  >
    <div
      className="content"
    >
      <a
        href="tel:+14147647730"
        rel="noopener noreferrer"
        target="_blank"
      >
        <i
          className="fas fa-phone-alt"
        />
         
        414-764-7330
      </a>
      <a
        className="address"
        href="https://www.google.com/maps/place/1125+Milwaukee+Ave,+South+Milwaukee,+WI+53172"
        rel="noopener noreferrer"
        target="_blank"
      >
        <i
          className="fas fa-home"
        />
         
        1125 Milwaukee Ave.
         · 
        South Milwaukee
        , 
        WI
         · 
        53172
      </a>
    </div>
  </div>
  <div
    className="root"
  >
    <div
      className="content"
    >
      <a
        className="logo"
        href="/"
        onClick={[Function]}
      />
      <nav
        className="links"
      >
        <a
          aria-current="page"
          className="active"
          href="/"
          onClick={[Function]}
          style={Object {}}
        >
          About
        </a>
        <a
          aria-current="page"
          className="active"
          href="/"
          onClick={[Function]}
          style={Object {}}
        >
          Services
        </a>
        <a
          aria-current="page"
          className="active"
          href="/"
          onClick={[Function]}
          style={Object {}}
        >
          Client Resources
        </a>
        <a
          aria-current="page"
          className="active"
          href="/"
          onClick={[Function]}
          style={Object {}}
        >
          Legal
        </a>
      </nav>
    </div>
  </div>
</div>
`;
