// Jest Snapshot v1, https://goo.gl/fbAQLP

exports[`<ContactBar /> should render correctly 1`] = `
<div
  className="root"
>
  <div
    className="max-width--xl margin--horizontal--auto"
  >
    <a
      className="animated fadeIn"
      href="tel:+14147647730"
      rel="noopener noreferrer"
      target="_blank"
    >
      <i
        className="fas fa-phone-alt"
      />
       
      414-764-7330
    </a>
    <a
      className="animated fadeIn margin--left--half"
      href="https://www.google.com/maps/place/1125+Milwaukee+Ave,+South+Milwaukee,+WI+53172"
      rel="noopener noreferrer"
      target="_blank"
    >
      <i
        className="fas fa-home"
      />
       
      1125 Milwaukee Ave.
      <span
        className="display--xs--none display--md--inline-block"
      >
         
        · 
        South Milwaukee
        , 
        WI
      </span>
       
      · 
      53172
    </a>
  </div>
</div>
`;
